
  .   ____          _            __ _ _
 /\\ / ___'_ __ _ _(_)_ __  __ _ \ \ \ \
( ( )\___ | '_ | '_| | '_ \/ _` | \ \ \ \
 \\/  ___)| |_)| | | | | || (_| |  ) ) ) )
  '  |____| .__|_| |_|_| |_\__, | / / / /
 =========|_|==============|___/=/_/_/_/
 :: Spring Boot ::                (v3.2.0)

2026-03-31T11:24:43.532+05:30  INFO 15482 --- [           main] com.example.demo.DemoApplication         : Starting DemoApplication v1.0 using Java 21.0.10 with PID 15482 (/home/pc/Videos/JAVA/target/demo-1.0.jar started by pc in /home/pc/Videos/JAVA)
2026-03-31T11:24:43.537+05:30  INFO 15482 --- [           main] com.example.demo.DemoApplication         : No active profile set, falling back to 1 default profile: "default"
2026-03-31T11:24:45.517+05:30  INFO 15482 --- [           main] o.s.b.w.embedded.tomcat.TomcatWebServer  : Tomcat initialized with port 8080 (http)
2026-03-31T11:24:45.538+05:30  INFO 15482 --- [           main] o.apache.catalina.core.StandardService   : Starting service [Tomcat]
2026-03-31T11:24:45.539+05:30  INFO 15482 --- [           main] o.apache.catalina.core.StandardEngine    : Starting Servlet engine: [Apache Tomcat/10.1.16]
2026-03-31T11:24:45.621+05:30  INFO 15482 --- [           main] o.a.c.c.C.[Tomcat].[localhost].[/]       : Initializing Spring embedded WebApplicationContext
2026-03-31T11:24:45.623+05:30  INFO 15482 --- [           main] w.s.c.ServletWebServerApplicationContext : Root WebApplicationContext: initialization completed in 1920 ms
2026-03-31T11:24:46.288+05:30  WARN 15482 --- [           main] ConfigServletWebServerApplicationContext : Exception encountered during context initialization - cancelling refresh attempt: org.springframework.context.ApplicationContextException: Failed to start bean 'webServerStartStop'
2026-03-31T11:24:46.327+05:30  INFO 15482 --- [           main] .s.b.a.l.ConditionEvaluationReportLogger : 

Error starting ApplicationContext. To display the condition evaluation report re-run your application with 'debug' enabled.
2026-03-31T11:24:46.369+05:30 ERROR 15482 --- [           main] o.s.b.d.LoggingFailureAnalysisReporter   : 

***************************
APPLICATION FAILED TO START
***************************

Description:

Web server failed to start. Port 8080 was already in use.

Action:

Identify and stop the process that's listening on port 8080 or configure this application to listen on another port.

